
> bw2-core@1.0.0 build
> tsc && vite build

vite v8.0.7 building client environment for production...
[2Ktransforming...✓ 4 modules transformed.
✗ Build failed in 67ms
error during build:
Build failed with 1 error:

[31m[builtin:vite-transform] Error:[0m Unexpected JSX expression
      [38;5;246m╭[0m[38;5;246m─[0m[38;5;246m[[0m app.js?v=bw54:4025:5 [38;5;246m][0m
      [38;5;246m│[0m
 [38;5;246m4025 │[0m ╭─▶ [38;5;249m [0m[38;5;249m [0m[38;5;249m [0m[38;5;249m [0m<div class="socios-table-wrap">
 [38;5;240m     ┆[0m ┆   
 [38;5;246m4050 │[0m ├─▶     </div>[38;5;249m`[0m[38;5;249m;[0m
 [38;5;240m     │[0m │                  
 [38;5;240m     │[0m ╰────────────────── 
 [38;5;240m     │[0m 
 [38;5;240m     │[0m [38;5;115mHelp[0m: JSX syntax is disabled and should be enabled via the parser options
[38;5;246m──────╯[0m

    at aggregateBindingErrorsIntoJsError (file:///Users/benjaminwlodawer/TimeKast/bw2-core/node_modules/rolldown/dist/shared/error-DBGOT6sf.mjs:48:18)
    at unwrapBindingResult (file:///Users/benjaminwlodawer/TimeKast/bw2-core/node_modules/rolldown/dist/shared/error-DBGOT6sf.mjs:18:128)
    at #build (file:///Users/benjaminwlodawer/TimeKast/bw2-core/node_modules/rolldown/dist/shared/rolldown-build-hRnqgxyz.mjs:3313:34)
    at async buildEnvironment (file:///Users/benjaminwlodawer/TimeKast/bw2-core/node_modules/vite/dist/node/chunks/node.js:32954:64)
    at async Object.build (file:///Users/benjaminwlodawer/TimeKast/bw2-core/node_modules/vite/dist/node/chunks/node.js:33376:19)
    at async Object.buildApp (file:///Users/benjaminwlodawer/TimeKast/bw2-core/node_modules/vite/dist/node/chunks/node.js:33373:153)
    at async CAC.<anonymous> (file:///Users/benjaminwlodawer/TimeKast/bw2-core/node_modules/vite/dist/node/cli.js:778:3) {
  errors: [Getter/Setter]
}
